C:\crypto\wicked whiskers\assetloop\runs\20260821_010507\tractor_4.py:18: DeprecationWarning: 'Material.use_nodes' is expected to be removed in Blender 6.0
  mat.use_nodes = True
INFO Draco is available, use library at C:\Program Files\Blender Foundation\Blender 5.2\5.2\scripts\addons_core\io_scene_gltf2\bf_intern_draco_bridge.dll
INFO MeshOptimizer is available, use library at C:\Program Files\Blender Foundation\Blender 5.2\5.2\scripts\addons_core\io_scene_gltf2\bf_intern_meshopt_bridge.dll
01:09:51 | INFO: Starting glTF 2.0 export
01:09:51 | INFO: Extracting primitive: Bonnet
01:09:51 | INFO: Primitives created: 1
01:09:51 | INFO: Extracting primitive: Cabin
01:09:51 | INFO: Primitives created: 1
01:09:51 | INFO: Extracting primitive: Cube
01:09:51 | INFO: Primitives created: 1
01:09:51 | INFO: Extracting primitive: Exhaust
01:09:51 | INFO: Primitives created: 1
01:09:51 | INFO: Extracting primitive: Grille
01:09:51 | INFO: Primitives created: 1
01:09:51 | INFO: Extracting primitive: Plate
01:09:51 | INFO: Primitives created: 1
01:09:51 | INFO: Extracting primitive: Roof
01:09:51 | INFO: Primitives created: 1
01:09:51 | INFO: Extracting primitive: Wheel_FL
01:09:51 | INFO: Primitives created: 1
01:09:51 | INFO: Extracting primitive: Wheel_FR
01:09:51 | INFO: Primitives created: 1
01:09:51 | INFO: Extracting primitive: Wheel_RL
01:09:51 | INFO: Primitives created: 1
01:09:51 | INFO: Extracting primitive: Wheel_RR
01:09:51 | INFO: Primitives created: 1
01:09:51 | INFO: Finished glTF 2.0 export in 0.043701887130737305 s

ASSET_BUILT
DIMS Vector((2.2, 1.9, 2.6))
Blender 5.2.0 LTS (hash fbe6228777e7 built 2026-07-14 01:35:40)

Blender quit

