C:\crypto\wicked whiskers\assetloop\builders\build_asset.py:23: DeprecationWarning: 'Material.use_nodes' is expected to be removed in Blender 6.0
  mat.use_nodes = True
INFO Draco is available, use library at C:\Program Files\Blender Foundation\Blender 5.2\5.2\scripts\addons_core\io_scene_gltf2\bf_intern_draco_bridge.dll
INFO MeshOptimizer is available, use library at C:\Program Files\Blender Foundation\Blender 5.2\5.2\scripts\addons_core\io_scene_gltf2\bf_intern_meshopt_bridge.dll
14:01:31 | INFO: Starting glTF 2.0 export
14:01:31 | INFO: Extracting primitive: BackShade
14:01:32 | INFO: Primitives created: 1
14:01:32 | INFO: Extracting primitive: Body
14:01:32 | INFO: Primitives created: 1
14:01:32 | INFO: Extracting primitive: DorsalFin
14:01:32 | INFO: Primitives created: 1
14:01:32 | INFO: Extracting primitive: EyeL
14:01:32 | INFO: Primitives created: 1
14:01:32 | INFO: Extracting primitive: EyeR
14:01:32 | INFO: Primitives created: 1
14:01:32 | INFO: Extracting primitive: FinL
14:01:32 | INFO: Primitives created: 1
14:01:32 | INFO: Extracting primitive: FinR
14:01:32 | INFO: Primitives created: 1
14:01:32 | INFO: Extracting primitive: TailBridge
14:01:32 | INFO: Primitives created: 1
14:01:32 | INFO: Extracting primitive: TailDown
14:01:32 | INFO: Primitives created: 1
14:01:32 | INFO: Extracting primitive: TailUp
14:01:32 | INFO: Primitives created: 1
14:01:32 | INFO: Finished glTF 2.0 export in 0.05309891700744629 s

DIMS (0.439, 0.714, 0.499)
ASSET_BUILT
Blender 5.2.0 LTS (hash fbe6228777e7 built 2026-07-14 01:35:40)

Blender quit

