C:\crypto\wicked whiskers\assetloop\builders\build_asset.py:23: DeprecationWarning: 'Material.use_nodes' is expected to be removed in Blender 6.0
  mat.use_nodes = True
INFO Draco is available, use library at C:\Program Files\Blender Foundation\Blender 5.2\5.2\scripts\addons_core\io_scene_gltf2\bf_intern_draco_bridge.dll
INFO MeshOptimizer is available, use library at C:\Program Files\Blender Foundation\Blender 5.2\5.2\scripts\addons_core\io_scene_gltf2\bf_intern_meshopt_bridge.dll
14:50:11 | INFO: Starting glTF 2.0 export
14:50:11 | INFO: Extracting primitive: Ball
14:50:11 | INFO: Primitives created: 1
14:50:11 | INFO: Extracting primitive: ThreadBead1
14:50:11 | INFO: Primitives created: 1
14:50:11 | INFO: Extracting primitive: ThreadBead2
14:50:11 | INFO: Primitives created: 1
14:50:11 | INFO: Extracting primitive: ThreadBead3
14:50:11 | INFO: Primitives created: 1
14:50:11 | INFO: Extracting primitive: ThreadBead4
14:50:11 | INFO: Primitives created: 1
14:50:11 | INFO: Extracting primitive: ThreadBead5
14:50:11 | INFO: Primitives created: 1
14:50:11 | INFO: Extracting primitive: ThreadTip
14:50:11 | INFO: Primitives created: 1
14:50:11 | INFO: Finished glTF 2.0 export in 0.04735445976257324 s

DIMS (0.138, 0.108, 0.11)
ASSET_BUILT
Blender 5.2.0 LTS (hash fbe6228777e7 built 2026-07-14 01:35:40)

Blender quit

