15:04:04 | INFO: Data are loaded, start creating Blender stuff
15:04:04 | INFO: Blender create Mesh node Stone_Main
15:04:04 | INFO: glTF import finished in 0.01s
OBJ Stone_Main polys 1280 smooth 1073
BUCKETS >90:0 45-90:20 25-45:32 15-25:14 4-15:830
CREASES_OVER_4DEG 896
CREASE 71.0deg at (-0.056, -0.029, 0.027)
CREASE 69.3deg at (-0.049, -0.036, 0.027)
CREASE 64.1deg at (-0.061, -0.021, 0.027)
CREASE 60.8deg at (-0.019, -0.049, 0.027)
CREASE 59.3deg at (-0.016, 0.041, 0.027)
CREASE 59.2deg at (-0.027, -0.046, 0.027)
CREASE 58.5deg at (0.025, -0.050, 0.027)
CREASE 56.9deg at (0.014, -0.052, 0.027)
CREASE 56.1deg at (-0.008, 0.041, 0.027)
CREASE 55.5deg at (0.034, -0.046, 0.027)
CREASE 54.5deg at (-0.023, 0.039, 0.027)
CREASE 53.6deg at (-0.010, -0.050, 0.027)
Blender 5.2.0 LTS (hash fbe6228777e7 built 2026-07-14 01:35:40)

Blender quit

