C:\crypto\wicked whiskers\assetloop\builders\build_asset.py:23: DeprecationWarning: 'Material.use_nodes' is expected to be removed in Blender 6.0
  mat.use_nodes = True
SWEEP_DEBUG rings=97 sides=20 faces=1960 failed=0
SWEEP_DEBUG rings=33 sides=10 faces=340 failed=0
SWEEP_DEBUG rings=33 sides=10 faces=340 failed=0
SWEEP_DEBUG rings=49 sides=10 faces=500 failed=0
SWEEP_DEBUG rings=33 sides=8 faces=272 failed=0
SWEEP_DEBUG rings=33 sides=8 faces=272 failed=0
INFO Draco is available, use library at C:\Program Files\Blender Foundation\Blender 5.2\5.2\scripts\addons_core\io_scene_gltf2\bf_intern_draco_bridge.dll
INFO MeshOptimizer is available, use library at C:\Program Files\Blender Foundation\Blender 5.2\5.2\scripts\addons_core\io_scene_gltf2\bf_intern_meshopt_bridge.dll
22:33:30 | INFO: Starting glTF 2.0 export
22:33:30 | INFO: Extracting primitive: Body
22:33:30 | INFO: Primitives created: 1
22:33:30 | INFO: Extracting primitive: DorsalRidge
22:33:30 | INFO: Primitives created: 1
22:33:30 | INFO: Extracting primitive: EyeL
22:33:30 | INFO: Primitives created: 1
22:33:30 | INFO: Extracting primitive: EyeR
22:33:30 | INFO: Primitives created: 1
22:33:30 | INFO: Extracting primitive: PecL
22:33:30 | INFO: Primitives created: 1
22:33:30 | INFO: Extracting primitive: PecR
22:33:30 | INFO: Primitives created: 1
22:33:30 | INFO: Extracting primitive: TailDown
22:33:30 | INFO: Primitives created: 1
22:33:30 | INFO: Extracting primitive: TailUp
22:33:30 | INFO: Primitives created: 1
22:33:30 | INFO: Finished glTF 2.0 export in 0.052855730056762695 s

DIMS (0.256, 0.25, 0.762)
ASSET_BUILT
Blender 5.2.0 LTS (hash fbe6228777e7 built 2026-07-14 01:35:40)

Blender quit

