C:\crypto\wicked whiskers\assetloop\runs\20260821_082512\mouse_1.py:17: DeprecationWarning: 'Material.use_nodes' is expected to be removed in Blender 6.0
  mat.use_nodes = True
INFO Draco is available, use library at C:\Program Files\Blender Foundation\Blender 5.2\5.2\scripts\addons_core\io_scene_gltf2\bf_intern_draco_bridge.dll
INFO MeshOptimizer is available, use library at C:\Program Files\Blender Foundation\Blender 5.2\5.2\scripts\addons_core\io_scene_gltf2\bf_intern_meshopt_bridge.dll
08:30:03 | INFO: Starting glTF 2.0 export
08:30:03 | INFO: Extracting primitive: Mouse_Belly
08:30:03 | INFO: Primitives created: 1
08:30:03 | INFO: Extracting primitive: Mouse_Body
08:30:03 | INFO: Primitives created: 1
08:30:03 | INFO: Extracting primitive: Mouse_EarInner_L
08:30:03 | INFO: Primitives created: 1
08:30:03 | INFO: Extracting primitive: Mouse_EarInner_R
08:30:03 | INFO: Primitives created: 1
08:30:03 | INFO: Extracting primitive: Mouse_EarOuter_L
08:30:03 | INFO: Primitives created: 1
08:30:03 | INFO: Extracting primitive: Mouse_EarOuter_R
08:30:03 | INFO: Primitives created: 1
08:30:03 | INFO: Extracting primitive: Mouse_Eye_L
08:30:03 | INFO: Primitives created: 1
08:30:03 | INFO: Extracting primitive: Mouse_Eye_R
08:30:03 | INFO: Primitives created: 1
08:30:03 | INFO: Extracting primitive: Mouse_Foot_Back_L
08:30:03 | INFO: Primitives created: 1
08:30:03 | INFO: Extracting primitive: Mouse_Foot_Back_R
08:30:03 | INFO: Primitives created: 1
08:30:03 | INFO: Extracting primitive: Mouse_Head
08:30:03 | INFO: Primitives created: 1
08:30:03 | INFO: Extracting primitive: Mouse_Leg_Front_L
08:30:03 | INFO: Primitives created: 1
08:30:03 | INFO: Extracting primitive: Mouse_Leg_Front_R
08:30:03 | INFO: Primitives created: 1
08:30:03 | INFO: Extracting primitive: Mouse_Nose
08:30:03 | INFO: Primitives created: 1
08:30:03 | INFO: Extracting primitive: Mouse_Paw_Front_L
08:30:03 | INFO: Primitives created: 1
08:30:03 | INFO: Extracting primitive: Mouse_Paw_Front_R
08:30:03 | INFO: Primitives created: 1
08:30:03 | INFO: Extracting primitive: Mouse_Snout
08:30:03 | INFO: Primitives created: 1
08:30:03 | INFO: Extracting primitive: Mouse_Tail
08:30:03 | INFO: Primitives created: 1
08:30:03 | INFO: Extracting primitive: Mouse_Thigh_Back_L
08:30:03 | INFO: Primitives created: 1
08:30:03 | INFO: Extracting primitive: Mouse_Thigh_Back_R
08:30:03 | INFO: Primitives created: 1
08:30:03 | INFO: Finished glTF 2.0 export in 0.0596613883972168 s

ASSET_BUILT
Blender 5.2.0 LTS (hash fbe6228777e7 built 2026-07-14 01:35:40)

Blender quit

