C:\crypto\wicked whiskers\assetloop\runs\20260821_082115\tractor_1.py:18: DeprecationWarning: 'Material.use_nodes' is expected to be removed in Blender 6.0
  mat.use_nodes = True
INFO Draco is available, use library at C:\Program Files\Blender Foundation\Blender 5.2\5.2\scripts\addons_core\io_scene_gltf2\bf_intern_draco_bridge.dll
INFO MeshOptimizer is available, use library at C:\Program Files\Blender Foundation\Blender 5.2\5.2\scripts\addons_core\io_scene_gltf2\bf_intern_meshopt_bridge.dll
08:25:02 | INFO: Starting glTF 2.0 export
08:25:02 | INFO: Extracting primitive: Bonnet
08:25:02 | INFO: Primitives created: 1
08:25:02 | INFO: Extracting primitive: Cabin
08:25:02 | INFO: Primitives created: 1
08:25:02 | INFO: Extracting primitive: Cube
08:25:02 | INFO: Primitives created: 1
08:25:02 | INFO: Extracting primitive: Grille
08:25:02 | INFO: Primitives created: 1
08:25:02 | INFO: Extracting primitive: Plate
08:25:02 | INFO: Primitives created: 1
08:25:02 | INFO: Extracting primitive: Roof
08:25:02 | INFO: Primitives created: 1
08:25:02 | INFO: Extracting primitive: Wheel_FL
08:25:02 | INFO: Primitives created: 1
08:25:02 | INFO: Extracting primitive: Wheel_FR
08:25:02 | INFO: Primitives created: 1
08:25:02 | INFO: Extracting primitive: Wheel_RL
08:25:02 | INFO: Primitives created: 1
08:25:02 | INFO: Extracting primitive: Wheel_RR
08:25:02 | INFO: Primitives created: 1
08:25:02 | INFO: Finished glTF 2.0 export in 0.05194807052612305 s

ASSET_BUILT
DIMS Vector((2.2, 1.9, 2.6))
Blender 5.2.0 LTS (hash fbe6228777e7 built 2026-07-14 01:35:40)

Blender quit

