C:\crypto\wicked whiskers\assetloop\runs\20260821_011546\fish_2.py:7: DeprecationWarning: 'Material.use_nodes' is expected to be removed in Blender 6.0
  mat.use_nodes = True
INFO Draco is available, use library at C:\Program Files\Blender Foundation\Blender 5.2\5.2\scripts\addons_core\io_scene_gltf2\bf_intern_draco_bridge.dll
INFO MeshOptimizer is available, use library at C:\Program Files\Blender Foundation\Blender 5.2\5.2\scripts\addons_core\io_scene_gltf2\bf_intern_meshopt_bridge.dll
01:19:29 | INFO: Starting glTF 2.0 export
01:19:29 | INFO: Extracting primitive: Body
01:19:29 | INFO: Primitives created: 1
01:19:29 | INFO: Extracting primitive: Cube
01:19:29 | INFO: Primitives created: 1
01:19:29 | INFO: Extracting primitive: EyeL
01:19:29 | INFO: Primitives created: 1
01:19:29 | INFO: Extracting primitive: EyeR
01:19:29 | INFO: Primitives created: 1
01:19:29 | INFO: Extracting primitive: FinL
01:19:29 | INFO: Primitives created: 1
01:19:29 | INFO: Extracting primitive: FinR
01:19:29 | INFO: Primitives created: 1
01:19:29 | INFO: Extracting primitive: Tail
01:19:29 | INFO: Primitives created: 1
01:19:29 | INFO: Finished glTF 2.0 export in 0.043738365173339844 s

ASSET_BUILT
DIMS Vector(<Vector (8.3589, 7.9312, 6.9039)>)
Blender 5.2.0 LTS (hash fbe6228777e7 built 2026-07-14 01:35:40)

Blender quit

