C:\crypto\wicked whiskers\assetloop\runs\20260821_011546\fish_1.py:7: DeprecationWarning: 'Material.use_nodes' is expected to be removed in Blender 6.0
  mat.use_nodes = True
INFO Draco is available, use library at C:\Program Files\Blender Foundation\Blender 5.2\5.2\scripts\addons_core\io_scene_gltf2\bf_intern_draco_bridge.dll
INFO MeshOptimizer is available, use library at C:\Program Files\Blender Foundation\Blender 5.2\5.2\scripts\addons_core\io_scene_gltf2\bf_intern_meshopt_bridge.dll
01:19:09 | INFO: Starting glTF 2.0 export
01:19:09 | INFO: Extracting primitive: Cube
01:19:09 | INFO: Primitives created: 1
01:19:09 | INFO: Extracting primitive: DorsalFin
01:19:09 | INFO: Primitives created: 1
01:19:09 | INFO: Extracting primitive: Eye
01:19:09 | INFO: Primitives created: 1
01:19:09 | INFO: Extracting primitive: Eye.001
01:19:09 | INFO: Primitives created: 1
01:19:09 | INFO: Extracting primitive: Eye.002
01:19:09 | INFO: Primitives created: 1
01:19:09 | INFO: Extracting primitive: Eye.003
01:19:09 | INFO: Primitives created: 1
01:19:09 | INFO: Extracting primitive: FishBody
01:19:09 | INFO: Primitives created: 1
01:19:09 | INFO: Extracting primitive: TailFin
01:19:09 | INFO: Primitives created: 1
01:19:09 | INFO: Finished glTF 2.0 export in 0.04369401931762695 s

ASSET_BUILT
DIMS Vector((0.12, 0.16, 0.30))
Blender 5.2.0 LTS (hash fbe6228777e7 built 2026-07-14 01:35:40)

Blender quit

