C:\crypto\wicked whiskers\assetloop\runs\20260821_011546\fish_4.py:8: DeprecationWarning: 'Material.use_nodes' is expected to be removed in Blender 6.0
  mat.use_nodes = True
INFO Draco is available, use library at C:\Program Files\Blender Foundation\Blender 5.2\5.2\scripts\addons_core\io_scene_gltf2\bf_intern_draco_bridge.dll
INFO MeshOptimizer is available, use library at C:\Program Files\Blender Foundation\Blender 5.2\5.2\scripts\addons_core\io_scene_gltf2\bf_intern_meshopt_bridge.dll
01:20:37 | INFO: Starting glTF 2.0 export
01:20:37 | INFO: Extracting primitive: Belly
01:20:37 | INFO: Primitives created: 1
01:20:37 | INFO: Extracting primitive: Cube
01:20:37 | INFO: Primitives created: 1
01:20:37 | INFO: Extracting primitive: Dorsal
01:20:37 | INFO: Primitives created: 1
01:20:37 | INFO: Extracting primitive: EyeL
01:20:37 | INFO: Primitives created: 1
01:20:37 | INFO: Extracting primitive: EyeR
01:20:37 | INFO: Primitives created: 1
01:20:37 | INFO: Extracting primitive: FishBody
01:20:37 | INFO: Primitives created: 1
01:20:37 | INFO: Extracting primitive: PupilL
01:20:37 | INFO: Primitives created: 1
01:20:37 | INFO: Extracting primitive: PupilR
01:20:37 | INFO: Primitives created: 1
01:20:37 | INFO: Extracting primitive: Tail
01:20:37 | INFO: Primitives created: 1
01:20:37 | INFO: Finished glTF 2.0 export in 0.044829607009887695 s

ASSET_BUILT
DIMS Vector((8.358891487121582, 7.931244850158691, 6.903861999511719))
Blender 5.2.0 LTS (hash fbe6228777e7 built 2026-07-14 01:35:40)

Blender quit

