C:\crypto\wicked whiskers\assetloop\runs\20260821_011546\fish_3.py:7: DeprecationWarning: 'Material.use_nodes' is expected to be removed in Blender 6.0
  mat.use_nodes = True
INFO Draco is available, use library at C:\Program Files\Blender Foundation\Blender 5.2\5.2\scripts\addons_core\io_scene_gltf2\bf_intern_draco_bridge.dll
INFO MeshOptimizer is available, use library at C:\Program Files\Blender Foundation\Blender 5.2\5.2\scripts\addons_core\io_scene_gltf2\bf_intern_meshopt_bridge.dll
01:20:00 | INFO: Starting glTF 2.0 export
01:20:00 | INFO: Extracting primitive: Belly
01:20:00 | INFO: Primitives created: 1
01:20:00 | INFO: Extracting primitive: Body
01:20:00 | INFO: Primitives created: 1
01:20:00 | INFO: Extracting primitive: Cube
01:20:00 | INFO: Primitives created: 1
01:20:00 | INFO: Extracting primitive: Dorsal
01:20:00 | INFO: Primitives created: 1
01:20:00 | INFO: Extracting primitive: Eye
01:20:00 | INFO: Primitives created: 1
01:20:00 | INFO: Extracting primitive: Eye.001
01:20:00 | INFO: Primitives created: 1
01:20:00 | INFO: Extracting primitive: Pupil
01:20:00 | INFO: Primitives created: 1
01:20:00 | INFO: Extracting primitive: Pupil.001
01:20:00 | INFO: Primitives created: 1
01:20:00 | INFO: Extracting primitive: SideL
01:20:00 | INFO: Primitives created: 1
01:20:00 | INFO: Extracting primitive: SideR
01:20:00 | INFO: Primitives created: 1
01:20:00 | INFO: Extracting primitive: Tail
01:20:00 | INFO: Primitives created: 1
01:20:00 | INFO: Finished glTF 2.0 export in 0.049001216888427734 s

ASSET_BUILT
DIMS Vector((0.15, 0.15, 0.30))
Blender 5.2.0 LTS (hash fbe6228777e7 built 2026-07-14 01:35:40)

Blender quit

