14:56:10 | INFO: Data are loaded, start creating Blender stuff
14:56:10 | INFO: Blender create Mesh node Stone_Main
14:56:10 | INFO: glTF import finished in 0.00s
OBJ Stone_Main polys 1280 smooth 1280
BUCKETS >90:0 45-90:1 25-45:69 15-25:280 4-15:939
CREASES_OVER_4DEG 1289
CREASE 45.7deg at (-0.076, 0.011, 0.042)
CREASE 44.4deg at (0.050, -0.050, 0.035)
CREASE 40.5deg at (0.058, 0.003, 0.053)
CREASE 40.0deg at (-0.022, -0.048, 0.014)
CREASE 39.0deg at (0.023, 0.047, 0.014)
CREASE 37.6deg at (0.029, -0.059, 0.035)
CREASE 36.0deg at (0.065, -0.013, 0.046)
CREASE 35.5deg at (0.049, 0.031, 0.021)
CREASE 35.4deg at (0.061, -0.022, 0.024)
CREASE 35.3deg at (0.061, -0.002, 0.051)
CREASE 35.3deg at (-0.073, 0.021, 0.041)
CREASE 34.6deg at (0.055, 0.014, 0.050)
Blender 5.2.0 LTS (hash fbe6228777e7 built 2026-07-14 01:35:40)

Blender quit

