C:\crypto\wicked whiskers\assetloop\runs\20260821_005426\tractor_2.py:17: DeprecationWarning: 'Material.use_nodes' is expected to be removed in Blender 6.0
  mat.use_nodes = True
Info: Saved as "tractor.blend"
INFO Draco is available, use library at C:\Program Files\Blender Foundation\Blender 5.2\5.2\scripts\addons_core\io_scene_gltf2\bf_intern_draco_bridge.dll
INFO MeshOptimizer is available, use library at C:\Program Files\Blender Foundation\Blender 5.2\5.2\scripts\addons_core\io_scene_gltf2\bf_intern_meshopt_bridge.dll
00:58:44 | INFO: Starting glTF 2.0 export
00:58:44 | INFO: Extracting primitive: Bonnet
00:58:44 | INFO: Primitives created: 1
00:58:44 | INFO: Extracting primitive: Cabin
00:58:44 | INFO: Primitives created: 1
00:58:44 | INFO: Extracting primitive: Exhaust
00:58:44 | INFO: Primitives created: 0
00:58:44 | WARNING: Mesh 'Exhaust' has no primitives and will be omitted.
00:58:44 | INFO: Extracting primitive: Plate
00:58:44 | INFO: Primitives created: 1
00:58:44 | INFO: Extracting primitive: Wheel_FL
00:58:44 | INFO: Primitives created: 0
00:58:44 | WARNING: Mesh 'Wheel_FL' has no primitives and will be omitted.
00:58:44 | INFO: Extracting primitive: Wheel_FR
00:58:44 | INFO: Primitives created: 0
00:58:44 | WARNING: Mesh 'Wheel_FR' has no primitives and will be omitted.
00:58:44 | INFO: Extracting primitive: Wheel_RL
00:58:44 | INFO: Primitives created: 0
00:58:44 | WARNING: Mesh 'Wheel_RL' has no primitives and will be omitted.
00:58:44 | INFO: Extracting primitive: Wheel_RR
00:58:44 | INFO: Primitives created: 0
00:58:44 | WARNING: Mesh 'Wheel_RR' has no primitives and will be omitted.
00:58:44 | INFO: Extracting primitive: Win_F
00:58:44 | INFO: Primitives created: 1
00:58:44 | INFO: Finished glTF 2.0 export in 0.04042243957519531 s

ASSET_BUILT
Blender 5.2.0 LTS (hash fbe6228777e7 built 2026-07-14 01:35:40)

Blender quit

