C:\crypto\wicked whiskers\assetloop\runs\20260821_011033\mouse_4.py:14: DeprecationWarning: 'Material.use_nodes' is expected to be removed in Blender 6.0
  mat.use_nodes = True
INFO Draco is available, use library at C:\Program Files\Blender Foundation\Blender 5.2\5.2\scripts\addons_core\io_scene_gltf2\bf_intern_draco_bridge.dll
INFO MeshOptimizer is available, use library at C:\Program Files\Blender Foundation\Blender 5.2\5.2\scripts\addons_core\io_scene_gltf2\bf_intern_meshopt_bridge.dll
01:15:28 | INFO: Starting glTF 2.0 export
01:15:28 | INFO: Extracting primitive: Body
01:15:28 | INFO: Primitives created: 1
01:15:28 | INFO: Extracting primitive: Cube
01:15:28 | INFO: Primitives created: 1
01:15:28 | INFO: Extracting primitive: Ear
01:15:28 | INFO: Primitives created: 1
01:15:28 | INFO: Extracting primitive: Ear.001
01:15:28 | INFO: Primitives created: 1
01:15:28 | INFO: Extracting primitive: Eye
01:15:28 | INFO: Primitives created: 1
01:15:28 | INFO: Extracting primitive: Eye.001
01:15:28 | INFO: Primitives created: 1
01:15:28 | INFO: Extracting primitive: Head
01:15:28 | INFO: Primitives created: 1
01:15:28 | INFO: Extracting primitive: InnerEar
01:15:28 | INFO: Primitives created: 1
01:15:28 | INFO: Extracting primitive: InnerEar.001
01:15:28 | INFO: Primitives created: 1
01:15:28 | INFO: Extracting primitive: Leg
01:15:28 | INFO: Primitives created: 1
01:15:28 | INFO: Extracting primitive: Leg.001
01:15:28 | INFO: Primitives created: 1
01:15:28 | INFO: Extracting primitive: Leg.002
01:15:28 | INFO: Primitives created: 1
01:15:28 | INFO: Extracting primitive: Leg.003
01:15:28 | INFO: Primitives created: 1
01:15:28 | INFO: Extracting primitive: Nose
01:15:28 | INFO: Primitives created: 1
01:15:28 | INFO: Extracting primitive: Snout
01:15:28 | INFO: Primitives created: 1
01:15:28 | INFO: Extracting primitive: Tail1
01:15:28 | INFO: Primitives created: 1
01:15:28 | INFO: Extracting primitive: Tail2
01:15:28 | INFO: Primitives created: 1
01:15:28 | INFO: Finished glTF 2.0 export in 0.05403709411621094 s

ASSET_BUILT
DIMS Vector((0.08, 0.12, 0.15))
Blender 5.2.0 LTS (hash fbe6228777e7 built 2026-07-14 01:35:40)

Blender quit

