C:\crypto\wicked whiskers\assetloop\runs\20260821_011033\mouse_3.py:8: DeprecationWarning: 'Material.use_nodes' is expected to be removed in Blender 6.0
  mat.use_nodes = True
INFO Draco is available, use library at C:\Program Files\Blender Foundation\Blender 5.2\5.2\scripts\addons_core\io_scene_gltf2\bf_intern_draco_bridge.dll
INFO MeshOptimizer is available, use library at C:\Program Files\Blender Foundation\Blender 5.2\5.2\scripts\addons_core\io_scene_gltf2\bf_intern_meshopt_bridge.dll
01:14:41 | INFO: Starting glTF 2.0 export
01:14:41 | INFO: Extracting primitive: Body
01:14:41 | INFO: Primitives created: 1
01:14:41 | INFO: Extracting primitive: Cube
01:14:41 | INFO: Primitives created: 1
01:14:41 | INFO: Extracting primitive: EarInL
01:14:41 | INFO: Primitives created: 1
01:14:41 | INFO: Extracting primitive: EarInR
01:14:41 | INFO: Primitives created: 1
01:14:41 | INFO: Extracting primitive: EarL
01:14:41 | INFO: Primitives created: 1
01:14:41 | INFO: Extracting primitive: EarR
01:14:41 | INFO: Primitives created: 1
01:14:41 | INFO: Extracting primitive: EyeL
01:14:41 | INFO: Primitives created: 1
01:14:41 | INFO: Extracting primitive: EyeR
01:14:41 | INFO: Primitives created: 1
01:14:41 | INFO: Extracting primitive: Head
01:14:41 | INFO: Primitives created: 1
01:14:41 | INFO: Extracting primitive: Leg
01:14:41 | INFO: Primitives created: 1
01:14:41 | INFO: Extracting primitive: Leg.001
01:14:41 | INFO: Primitives created: 1
01:14:41 | INFO: Extracting primitive: Leg.002
01:14:41 | INFO: Primitives created: 1
01:14:41 | INFO: Extracting primitive: Leg.003
01:14:41 | INFO: Primitives created: 1
01:14:41 | INFO: Extracting primitive: Nose
01:14:41 | INFO: Primitives created: 1
01:14:41 | INFO: Extracting primitive: Snout
01:14:41 | INFO: Primitives created: 1
01:14:41 | INFO: Extracting primitive: Tail
01:14:41 | INFO: Primitives created: 1
01:14:41 | INFO: Finished glTF 2.0 export in 0.04868125915527344 s
Traceback (most recent call last):
  File "C:\crypto\wicked whiskers\assetloop\runs\20260821_011033\mouse_3.py", line 76, in <module>
    for v in obj.data.vertices:
             ^^^^^^^^^^^^^^^^^
AttributeError: 'Camera' object has no attribute 'vertices'

Blender 5.2.0 LTS (hash fbe6228777e7 built 2026-07-14 01:35:40)

Blender quit

