C:\crypto\wicked whiskers\assetloop\builders\build_asset.py:23: DeprecationWarning: 'Material.use_nodes' is expected to be removed in Blender 6.0
  mat.use_nodes = True
SWEEP_DEBUG rings=71 sides=32 faces=2304 failed=0
SWEEP_DEBUG rings=39 sides=24 faces=960 failed=0
SWEEP_DEBUG rings=39 sides=24 faces=960 failed=0
SWEEP_DEBUG rings=39 sides=24 faces=960 failed=0
SWEEP_DEBUG rings=39 sides=16 faces=640 failed=0
SWEEP_DEBUG rings=39 sides=16 faces=640 failed=0
INFO Draco is available, use library at C:\Program Files\Blender Foundation\Blender 5.2\5.2\scripts\addons_core\io_scene_gltf2\bf_intern_draco_bridge.dll
INFO MeshOptimizer is available, use library at C:\Program Files\Blender Foundation\Blender 5.2\5.2\scripts\addons_core\io_scene_gltf2\bf_intern_meshopt_bridge.dll
08:43:17 | INFO: Starting glTF 2.0 export
08:43:17 | INFO: Extracting primitive: Body
08:43:17 | INFO: Primitives created: 1
08:43:17 | INFO: Extracting primitive: CaudalFinDown
08:43:17 | INFO: Primitives created: 1
08:43:17 | INFO: Extracting primitive: CaudalFinUp
08:43:17 | INFO: Primitives created: 1
08:43:17 | INFO: Extracting primitive: DorsalFin
08:43:17 | INFO: Primitives created: 1
08:43:17 | INFO: Extracting primitive: EyeL
08:43:17 | INFO: Primitives created: 1
08:43:17 | INFO: Extracting primitive: EyeR
08:43:17 | INFO: Primitives created: 1
08:43:17 | INFO: Extracting primitive: PectoralFinL
08:43:17 | INFO: Primitives created: 1
08:43:17 | INFO: Extracting primitive: PectoralFinR
08:43:17 | INFO: Primitives created: 1
08:43:17 | INFO: Finished glTF 2.0 export in 0.0546727180480957 s

DIMS (0.778, 0.444, 0.447)
ASSET_BUILT
Blender 5.2.0 LTS (hash fbe6228777e7 built 2026-07-14 01:35:40)

Blender quit

