C:\crypto\wicked whiskers\assetloop\builders\build_asset.py:23: DeprecationWarning: 'Material.use_nodes' is expected to be removed in Blender 6.0
  mat.use_nodes = True
SWEEP_DEBUG rings=481 sides=8 faces=3856 failed=0
SWEEP_DEBUG rings=481 sides=8 faces=3856 failed=0
SWEEP_DEBUG rings=49 sides=8 faces=400 failed=0
INFO Draco is available, use library at C:\Program Files\Blender Foundation\Blender 5.2\5.2\scripts\addons_core\io_scene_gltf2\bf_intern_draco_bridge.dll
INFO MeshOptimizer is available, use library at C:\Program Files\Blender Foundation\Blender 5.2\5.2\scripts\addons_core\io_scene_gltf2\bf_intern_meshopt_bridge.dll
20:23:49 | INFO: Starting glTF 2.0 export
20:23:49 | INFO: Extracting primitive: HelixWrapA
20:23:49 | INFO: Primitives created: 1
20:23:49 | INFO: Extracting primitive: HelixWrapB
20:23:49 | INFO: Primitives created: 1
20:23:49 | INFO: Extracting primitive: LooseEnd
20:23:49 | INFO: Primitives created: 1
20:23:49 | INFO: Extracting primitive: TwineBall
20:23:49 | INFO: Primitives created: 1
20:23:49 | INFO: Finished glTF 2.0 export in 0.055422306060791016 s

DIMS (0.191, 0.119, 0.11)
ASSET_BUILT
Blender 5.2.0 LTS (hash fbe6228777e7 built 2026-07-14 01:35:40)

Blender quit

